// Jest Snapshot v1, https://goo.gl/fbAQLP

exports[`<Main /> should render the heading 1`] = `
<main
  class="styles__Wrapper-rqrgn4-0 gwFXXP"
>
  <img
    alt="Imagem de um átomo e React Avançado ao lado."
    class="styles__Logo-rqrgn4-1 jPZkzQ"
    src="/img/logo.svg"
  />
  <h1
    class="styles__Title-rqrgn4-2 hcDpAy"
  >
    React Avançado
  </h1>
  <h2
    class="styles__Description-rqrgn4-3 jNWMWh"
  >
    TypesScript, ReactJS, NextJS e Styled Components
  </h2>
  <img
    alt="Um desenvolvedor de frente para uma tela com código."
    class="styles__Illustration-rqrgn4-4 eRPieM"
    src="/img/hero-illustration.svg"
  />
</main>
`;
